configs/einspace/base_config.yaml;--seed 0 --dataset cifar10 --generational --elitism 5 --mutation_rate 0.5 --crossover_strategy constrained_smith_waterman --crossover_rate 1
configs/einspace/base_config.yaml;--seed 0 --dataset cifar10 --regularised --elitism 0 --mutation_rate 0.5 --crossover_strategy constrained_smith_waterman --crossover_rate 1
configs/einspace/base_config.yaml;--seed 0 --dataset cifar10 --generational --elitism 5 --mutation_rate 0.5 --crossover_strategy one_point --crossover_rate 1
configs/einspace/base_config.yaml;--seed 0 --dataset cifar10 --regularised --elitism 0 --mutation_rate 0.5 --crossover_strategy one_point --crossover_rate 1
configs/einspace/base_config.yaml;--seed 0 --dataset cifar10 --generational --elitism 5 --mutation_rate 1.0 --crossover_strategy None --crossover_rate 0
configs/einspace/base_config.yaml;--seed 0 --dataset cifar10 --regularised --elitism 0 --mutation_rate 1.0 --crossover_strategy None --crossover_rate 0
configs/einspace/base_config.yaml;--seed 0 --dataset cifar10 --generational --elitism 5 --mutation_rate 0.5 --crossover_strategy recursive_constrained_smith_waterman --crossover_rate 1
configs/einspace/base_config.yaml;--seed 0 --dataset cifar10 --regularised --elitism 0 --mutation_rate 0.5 --crossover_strategy recursive_constrained_smith_waterman --crossover_rate 1
configs/einspace/base_config.yaml;--seed 3 --dataset cifar10 --generational --elitism 5 --mutation_rate 0.5 --crossover_strategy constrained_smith_waterman --crossover_rate 1
configs/einspace/base_config.yaml;--seed 3 --dataset cifar10 --regularised --elitism 0 --mutation_rate 0.5 --crossover_strategy constrained_smith_waterman --crossover_rate 1
configs/einspace/base_config.yaml;--seed 3 --dataset cifar10 --generational --elitism 5 --mutation_rate 0.5 --crossover_strategy one_point --crossover_rate 1
configs/einspace/base_config.yaml;--seed 3 --dataset cifar10 --regularised --elitism 0 --mutation_rate 0.5 --crossover_strategy one_point --crossover_rate 1
configs/einspace/base_config.yaml;--seed 3 --dataset cifar10 --generational --elitism 5 --mutation_rate 1.0 --crossover_strategy None --crossover_rate 0
configs/einspace/base_config.yaml;--seed 3 --dataset cifar10 --regularised --elitism 0 --mutation_rate 1.0 --crossover_strategy None --crossover_rate 0
configs/einspace/base_config.yaml;--seed 3 --dataset cifar10 --generational --elitism 5 --mutation_rate 0.5 --crossover_strategy recursive_constrained_smith_waterman --crossover_rate 1
configs/einspace/base_config.yaml;--seed 3 --dataset cifar10 --regularised --elitism 0 --mutation_rate 0.5 --crossover_strategy recursive_constrained_smith_waterman --crossover_rate 1
configs/einspace/base_config.yaml;--seed 4 --dataset cifar10 --generational --elitism 5 --mutation_rate 0.5 --crossover_strategy constrained_smith_waterman --crossover_rate 1
configs/einspace/base_config.yaml;--seed 4 --dataset cifar10 --regularised --elitism 0 --mutation_rate 0.5 --crossover_strategy constrained_smith_waterman --crossover_rate 1
configs/einspace/base_config.yaml;--seed 4 --dataset cifar10 --generational --elitism 5 --mutation_rate 0.5 --crossover_strategy one_point --crossover_rate 1
configs/einspace/base_config.yaml;--seed 4 --dataset cifar10 --regularised --elitism 0 --mutation_rate 0.5 --crossover_strategy one_point --crossover_rate 1
configs/einspace/base_config.yaml;--seed 4 --dataset cifar10 --generational --elitism 5 --mutation_rate 1.0 --crossover_strategy None --crossover_rate 0
configs/einspace/base_config.yaml;--seed 4 --dataset cifar10 --regularised --elitism 0 --mutation_rate 1.0 --crossover_strategy None --crossover_rate 0
configs/einspace/base_config.yaml;--seed 4 --dataset cifar10 --generational --elitism 5 --mutation_rate 0.5 --crossover_strategy recursive_constrained_smith_waterman --crossover_rate 1
configs/einspace/base_config.yaml;--seed 4 --dataset cifar10 --regularised --elitism 0 --mutation_rate 0.5 --crossover_strategy recursive_constrained_smith_waterman --crossover_rate 1
configs/einspace/base_config.yaml;--seed 2 --dataset cifar10 --generational --elitism 5 --mutation_rate 0.5 --crossover_strategy constrained_smith_waterman --crossover_rate 1
configs/einspace/base_config.yaml;--seed 2 --dataset cifar10 --regularised --elitism 0 --mutation_rate 0.5 --crossover_strategy constrained_smith_waterman --crossover_rate 1
configs/einspace/base_config.yaml;--seed 2 --dataset cifar10 --generational --elitism 5 --mutation_rate 0.5 --crossover_strategy one_point --crossover_rate 1
configs/einspace/base_config.yaml;--seed 2 --dataset cifar10 --regularised --elitism 0 --mutation_rate 0.5 --crossover_strategy one_point --crossover_rate 1
configs/einspace/base_config.yaml;--seed 2 --dataset cifar10 --generational --elitism 5 --mutation_rate 1.0 --crossover_strategy None --crossover_rate 0
configs/einspace/base_config.yaml;--seed 2 --dataset cifar10 --regularised --elitism 0 --mutation_rate 1.0 --crossover_strategy None --crossover_rate 0
configs/einspace/base_config.yaml;--seed 2 --dataset cifar10 --generational --elitism 5 --mutation_rate 0.5 --crossover_strategy recursive_constrained_smith_waterman --crossover_rate 1
configs/einspace/base_config.yaml;--seed 2 --dataset cifar10 --regularised --elitism 0 --mutation_rate 0.5 --crossover_strategy recursive_constrained_smith_waterman --crossover_rate 1
configs/einspace/base_config.yaml;--seed 1 --dataset cifar10 --generational --elitism 5 --mutation_rate 0.5 --crossover_strategy constrained_smith_waterman --crossover_rate 1
configs/einspace/base_config.yaml;--seed 1 --dataset cifar10 --regularised --elitism 0 --mutation_rate 0.5 --crossover_strategy constrained_smith_waterman --crossover_rate 1
configs/einspace/base_config.yaml;--seed 1 --dataset cifar10 --generational --elitism 5 --mutation_rate 0.5 --crossover_strategy one_point --crossover_rate 1
configs/einspace/base_config.yaml;--seed 1 --dataset cifar10 --regularised --elitism 0 --mutation_rate 0.5 --crossover_strategy one_point --crossover_rate 1
configs/einspace/base_config.yaml;--seed 1 --dataset cifar10 --generational --elitism 5 --mutation_rate 1.0 --crossover_strategy None --crossover_rate 0
configs/einspace/base_config.yaml;--seed 1 --dataset cifar10 --regularised --elitism 0 --mutation_rate 1.0 --crossover_strategy None --crossover_rate 0
configs/einspace/base_config.yaml;--seed 1 --dataset cifar10 --generational --elitism 5 --mutation_rate 0.5 --crossover_strategy recursive_constrained_smith_waterman --crossover_rate 1
configs/einspace/base_config.yaml;--seed 1 --dataset cifar10 --regularised --elitism 0 --mutation_rate 0.5 --crossover_strategy recursive_constrained_smith_waterman --crossover_rate 1
