configs/einspace/base_config.yaml;--seed 0 --dataset isabella --generational --elitism 5 --mutation_rate 1.0 --crossover_strategy constrained_smith_waterman --crossover_rate 1
configs/einspace/base_config.yaml;--seed 0 --dataset isabella --regularised --elitism 0 --mutation_rate 1.0 --crossover_strategy constrained_smith_waterman --crossover_rate 1
configs/einspace/base_config.yaml;--seed 0 --dataset isabella --generational --elitism 5 --mutation_rate 1.0 --crossover_strategy recursive_constrained_smith_waterman --crossover_rate 1
configs/einspace/base_config.yaml;--seed 0 --dataset isabella --regularised --elitism 0 --mutation_rate 1.0 --crossover_strategy recursive_constrained_smith_waterman --crossover_rate 1
configs/einspace/base_config.yaml;--seed 0 --dataset isabella --generational --elitism 5 --mutation_rate 0.0 --crossover_strategy recursive_constrained_smith_waterman --crossover_rate 1
configs/einspace/base_config.yaml;--seed 0 --dataset isabella --regularised --elitism 0 --mutation_rate 0.0 --crossover_strategy recursive_constrained_smith_waterman --crossover_rate 1
configs/einspace/base_config.yaml;--seed 3 --dataset isabella --generational --elitism 5 --mutation_rate 1.0 --crossover_strategy constrained_smith_waterman --crossover_rate 1
configs/einspace/base_config.yaml;--seed 3 --dataset isabella --regularised --elitism 0 --mutation_rate 1.0 --crossover_strategy constrained_smith_waterman --crossover_rate 1
configs/einspace/base_config.yaml;--seed 3 --dataset isabella --generational --elitism 5 --mutation_rate 0.0 --crossover_strategy one_point --crossover_rate 1
configs/einspace/base_config.yaml;--seed 3 --dataset isabella --regularised --elitism 0 --mutation_rate 0.0 --crossover_strategy one_point --crossover_rate 1
configs/einspace/base_config.yaml;--seed 3 --dataset isabella --generational --elitism 5 --mutation_rate 1.0 --crossover_strategy recursive_constrained_smith_waterman --crossover_rate 1
configs/einspace/base_config.yaml;--seed 3 --dataset isabella --regularised --elitism 0 --mutation_rate 1.0 --crossover_strategy recursive_constrained_smith_waterman --crossover_rate 1
configs/einspace/base_config.yaml;--seed 3 --dataset isabella --generational --elitism 5 --mutation_rate 0.0 --crossover_strategy recursive_constrained_smith_waterman --crossover_rate 1
configs/einspace/base_config.yaml;--seed 3 --dataset isabella --regularised --elitism 0 --mutation_rate 0.0 --crossover_strategy recursive_constrained_smith_waterman --crossover_rate 1
configs/einspace/base_config.yaml;--seed 4 --dataset isabella --generational --elitism 5 --mutation_rate 1.0 --crossover_strategy recursive_constrained_smith_waterman --crossover_rate 1
configs/einspace/base_config.yaml;--seed 4 --dataset isabella --regularised --elitism 0 --mutation_rate 1.0 --crossover_strategy recursive_constrained_smith_waterman --crossover_rate 1
configs/einspace/base_config.yaml;--seed 4 --dataset isabella --generational --elitism 5 --mutation_rate 0.0 --crossover_strategy recursive_constrained_smith_waterman --crossover_rate 1
configs/einspace/base_config.yaml;--seed 4 --dataset isabella --regularised --elitism 0 --mutation_rate 0.0 --crossover_strategy recursive_constrained_smith_waterman --crossover_rate 1
configs/einspace/base_config.yaml;--seed 2 --dataset isabella --generational --elitism 5 --mutation_rate 1.0 --crossover_strategy constrained_smith_waterman --crossover_rate 1
configs/einspace/base_config.yaml;--seed 2 --dataset isabella --regularised --elitism 0 --mutation_rate 1.0 --crossover_strategy constrained_smith_waterman --crossover_rate 1
configs/einspace/base_config.yaml;--seed 2 --dataset isabella --generational --elitism 5 --mutation_rate 0.0 --crossover_strategy constrained_smith_waterman --crossover_rate 1
configs/einspace/base_config.yaml;--seed 2 --dataset isabella --regularised --elitism 0 --mutation_rate 0.0 --crossover_strategy constrained_smith_waterman --crossover_rate 1
configs/einspace/base_config.yaml;--seed 2 --dataset isabella --generational --elitism 5 --mutation_rate 1.0 --crossover_strategy one_point --crossover_rate 1
configs/einspace/base_config.yaml;--seed 2 --dataset isabella --regularised --elitism 0 --mutation_rate 1.0 --crossover_strategy one_point --crossover_rate 1
configs/einspace/base_config.yaml;--seed 2 --dataset isabella --generational --elitism 5 --mutation_rate 1.0 --crossover_strategy recursive_constrained_smith_waterman --crossover_rate 1
configs/einspace/base_config.yaml;--seed 2 --dataset isabella --regularised --elitism 0 --mutation_rate 1.0 --crossover_strategy recursive_constrained_smith_waterman --crossover_rate 1
configs/einspace/base_config.yaml;--seed 2 --dataset isabella --generational --elitism 5 --mutation_rate 0.0 --crossover_strategy recursive_constrained_smith_waterman --crossover_rate 1
configs/einspace/base_config.yaml;--seed 2 --dataset isabella --regularised --elitism 0 --mutation_rate 0.0 --crossover_strategy recursive_constrained_smith_waterman --crossover_rate 1
configs/einspace/base_config.yaml;--seed 1 --dataset isabella --generational --elitism 5 --mutation_rate 1.0 --crossover_strategy constrained_smith_waterman --crossover_rate 1
configs/einspace/base_config.yaml;--seed 1 --dataset isabella --regularised --elitism 0 --mutation_rate 1.0 --crossover_strategy constrained_smith_waterman --crossover_rate 1
configs/einspace/base_config.yaml;--seed 1 --dataset isabella --generational --elitism 5 --mutation_rate 1.0 --crossover_strategy recursive_constrained_smith_waterman --crossover_rate 1
configs/einspace/base_config.yaml;--seed 1 --dataset isabella --regularised --elitism 0 --mutation_rate 1.0 --crossover_strategy recursive_constrained_smith_waterman --crossover_rate 1
configs/einspace/base_config.yaml;--seed 1 --dataset isabella --generational --elitism 5 --mutation_rate 0.0 --crossover_strategy recursive_constrained_smith_waterman --crossover_rate 1
configs/einspace/base_config.yaml;--seed 1 --dataset isabella --regularised --elitism 0 --mutation_rate 0.0 --crossover_strategy recursive_constrained_smith_waterman --crossover_rate 1
