configs/einspace/base_config.yaml;--seed 0 --dataset addnist --generational --elitism 5 --mutation_rate 0.5 --crossover_strategy one_point --crossover_rate 1
configs/einspace/base_config.yaml;--seed 0 --dataset addnist --regularised --elitism 0 --mutation_rate 0.5 --crossover_strategy one_point --crossover_rate 1
configs/einspace/base_config.yaml;--seed 3 --dataset addnist --generational --elitism 5 --mutation_rate 0.5 --crossover_strategy constrained_smith_waterman --crossover_rate 1
configs/einspace/base_config.yaml;--seed 3 --dataset addnist --regularised --elitism 0 --mutation_rate 0.5 --crossover_strategy constrained_smith_waterman --crossover_rate 1
configs/einspace/base_config.yaml;--seed 3 --dataset addnist --generational --elitism 5 --mutation_rate 0.5 --crossover_strategy one_point --crossover_rate 1
configs/einspace/base_config.yaml;--seed 3 --dataset addnist --regularised --elitism 0 --mutation_rate 0.5 --crossover_strategy one_point --crossover_rate 1
configs/einspace/base_config.yaml;--seed 4 --dataset addnist --generational --elitism 5 --mutation_rate 0.5 --crossover_strategy constrained_smith_waterman --crossover_rate 1
configs/einspace/base_config.yaml;--seed 4 --dataset addnist --regularised --elitism 0 --mutation_rate 0.5 --crossover_strategy constrained_smith_waterman --crossover_rate 1
configs/einspace/base_config.yaml;--seed 4 --dataset addnist --generational --elitism 5 --mutation_rate 0.5 --crossover_strategy one_point --crossover_rate 1
configs/einspace/base_config.yaml;--seed 4 --dataset addnist --regularised --elitism 0 --mutation_rate 0.5 --crossover_strategy one_point --crossover_rate 1
configs/einspace/base_config.yaml;--seed 2 --dataset addnist --generational --elitism 5 --mutation_rate 0.5 --crossover_strategy constrained_smith_waterman --crossover_rate 1
configs/einspace/base_config.yaml;--seed 2 --dataset addnist --regularised --elitism 0 --mutation_rate 0.5 --crossover_strategy constrained_smith_waterman --crossover_rate 1
configs/einspace/base_config.yaml;--seed 2 --dataset addnist --generational --elitism 5 --mutation_rate 0.5 --crossover_strategy one_point --crossover_rate 1
configs/einspace/base_config.yaml;--seed 2 --dataset addnist --regularised --elitism 0 --mutation_rate 0.5 --crossover_strategy one_point --crossover_rate 1
configs/einspace/base_config.yaml;--seed 1 --dataset addnist --generational --elitism 5 --mutation_rate 0.5 --crossover_strategy constrained_smith_waterman --crossover_rate 1
configs/einspace/base_config.yaml;--seed 1 --dataset addnist --regularised --elitism 0 --mutation_rate 0.5 --crossover_strategy constrained_smith_waterman --crossover_rate 1
configs/einspace/base_config.yaml;--seed 1 --dataset addnist --generational --elitism 5 --mutation_rate 0.5 --crossover_strategy one_point --crossover_rate 1
configs/einspace/base_config.yaml;--seed 1 --dataset addnist --regularised --elitism 0 --mutation_rate 0.5 --crossover_strategy one_point --crossover_rate 1
